// Jest Snapshot v1, https://goo.gl/fbAQLP

exports[`shallow renders correctly 1`] = `
<div
  className="css-10zw8gi"
>
  <SettingDescription
    primary="Accounttype"
    secondary="Choose your account type"
  />
  <div>
    <Memo(ConnectFunction)
      openPremiumDialog={false}
    />
  </div>
  <SettingDescription
    primary="Notifications"
  />
  <div>
    <div
      className="notification-settings"
    >
      <Memo(ConnectFunction) />
       via Push 
      <br />
      <Memo(ConnectFunction) />
       via Email
    </div>
  </div>
</div>
`;
