// Jest Snapshot v1, https://goo.gl/fbAQLP

exports[`DealCardGrid: default 1`] = `
.emotion-2 {
  color: #263238;
  font-family: 'Open Sans',sans-serif;
  font-size: 16px;
  font-style: normal;
  font-weight: normal;
  -webkit-letter-spacing: 0.05em;
  -moz-letter-spacing: 0.05em;
  -ms-letter-spacing: 0.05em;
  letter-spacing: 0.05em;
  line-height: 1.6em;
}

.emotion-7 {
  width: 100%;
  max-width: 400px;
  padding-bottom: 16px;
}

.emotion-6 {
  display: grid;
  grid-template-columns: 40% 60%;
}

.emotion-6 .content {
  padding: 16px;
}

.emotion-1 {
  color: #263238;
  font-family: 'Comfortaa';
  font-size: 18px;
  font-style: normal;
  font-weight: bold;
  -webkit-letter-spacing: 0.1em;
  -moz-letter-spacing: 0.1em;
  -ms-letter-spacing: 0.1em;
  letter-spacing: 0.1em;
  margin-bottom: 8px;
  line-height: normal;
  margin-bottom: 8px;
  white-space: nowrap;
  overflow: hidden;
  text-overflow: ellipsis;
}

.emotion-3 {
  color: #263238;
  font-family: 'Open Sans',sans-serif;
  font-size: 16px;
  font-style: normal;
  font-weight: normal;
  -webkit-letter-spacing: 0.05em;
  -moz-letter-spacing: 0.05em;
  -ms-letter-spacing: 0.05em;
  letter-spacing: 0.05em;
  line-height: 1.6em;
  -webkit-text-decoration: line-through;
  text-decoration: line-through;
  margin-right: 8px;
}

.emotion-4 {
  color: #263238;
  font-family: 'Open Sans',sans-serif;
  font-size: 16px;
  font-style: normal;
  font-weight: normal;
  -webkit-letter-spacing: 0.05em;
  -moz-letter-spacing: 0.05em;
  -ms-letter-spacing: 0.05em;
  letter-spacing: 0.05em;
  line-height: 1.6em;
  font-weight: bold;
  color: #FF6D00;
}

.emotion-24 {
  margin-top: 32px;
  margin-bottom: 64px;
  display: grid;
  grid-gap: 16px;
  grid-template-columns: 1fr;
  justify-items: center;
}

@media only screen and (min-width:1024px) {
  .emotion-24 {
    grid-template-columns: repeat(3,1fr);
  }
}

.emotion-0 {
  background-image: url(IMAGE_MOCK);
  background-size: cover;
  padding: 8px;
  display: grid;
  -webkit-align-items: start;
  -webkit-box-align: start;
  -ms-flex-align: start;
  align-items: start;
  justify-items: right;
}

.emotion-0 .badge {
  color: #263238;
  font-family: 'Open Sans',sans-serif;
  font-size: 16px;
  font-style: normal;
  font-weight: normal;
  -webkit-letter-spacing: 0.05em;
  -moz-letter-spacing: 0.05em;
  -ms-letter-spacing: 0.05em;
  letter-spacing: 0.05em;
  line-height: 1.6em;
  font-size: 0.8em;
  padding: 2px 6px;
  font-weight: bold;
  border-radius: 8px;
}

.emotion-0 .badge.deal {
  background-color: #FF6D00;
  color: #FAFAFA;
}

.emotion-0 .badge.active {
  background-color: #009688;
  color: #FAFAFA;
}

<div
  className="emotion-24"
>
  <div
    className="emotion-7"
  >
    <div
      className="MuiPaper-root-2 MuiPaper-elevation1-5 MuiPaper-rounded-3 MuiCard-root-1"
    >
      <div
        className="emotion-6"
      >
        <div
          className="emotion-0"
        />
        <div
          className="content"
        >
          <div
            className="emotion-1"
          >
            USA
             
          </div>
          <div
            className="emotion-2"
          >
            June 2019
            <br />
            16 Days
          </div>
          <div
            className="emotion-2"
          >
            <span
              className="emotion-3"
            >
              700 EUR
            </span>
            <span
              className="emotion-4"
            >
              412 EUR
            </span>
          </div>
        </div>
      </div>
    </div>
  </div>
  <div
    className="emotion-7"
  >
    <div
      className="MuiPaper-root-2 MuiPaper-elevation1-5 MuiPaper-rounded-3 MuiCard-root-1"
    >
      <div
        className="emotion-6"
      >
        <div
          className="emotion-0"
        />
        <div
          className="content"
        >
          <div
            className="emotion-1"
          >
            Greece
             
          </div>
          <div
            className="emotion-2"
          >
            April - August 2019
            <br />
            21 Days
          </div>
          <div
            className="emotion-2"
          >
            <span
              className="emotion-3"
            >
              600 EUR
            </span>
            <span
              className="emotion-4"
            >
              258 EUR
            </span>
          </div>
        </div>
      </div>
    </div>
  </div>
  <div
    className="emotion-7"
  >
    <div
      className="MuiPaper-root-2 MuiPaper-elevation1-5 MuiPaper-rounded-3 MuiCard-root-1"
    >
      <div
        className="emotion-6"
      >
        <div
          className="emotion-0"
        />
        <div
          className="content"
        >
          <div
            className="emotion-1"
          >
            Bologna/Italy
             
          </div>
          <div
            className="emotion-2"
          >
            September 2018
            <br />
            5 Days
          </div>
          <div
            className="emotion-2"
          >
            <span
              className="emotion-3"
            >
              200 EUR
            </span>
            <span
              className="emotion-4"
            >
              46 EUR
            </span>
          </div>
        </div>
      </div>
    </div>
  </div>
</div>
`;
