// Jest Snapshot v1, https://goo.gl/fbAQLP

exports[`Triprow: default 1`] = `
.emotion-2 {
  color: #263238;
  font-family: 'Open Sans',sans-serif;
  font-size: 16px;
  font-style: normal;
  font-weight: normal;
  -webkit-letter-spacing: 0.05em;
  -moz-letter-spacing: 0.05em;
  -ms-letter-spacing: 0.05em;
  letter-spacing: 0.05em;
  line-height: 1.6em;
}

.emotion-6 {
  width: 100%;
  max-width: 400px;
}

.emotion-5 {
  display: grid;
  grid-template-columns: 40% 60%;
}

.emotion-5 .content {
  padding: 16px;
}

.emotion-1 {
  color: #263238;
  font-family: 'Comfortaa';
  font-size: 18px;
  font-style: normal;
  font-weight: bold;
  -webkit-letter-spacing: 0.1em;
  -moz-letter-spacing: 0.1em;
  -ms-letter-spacing: 0.1em;
  letter-spacing: 0.1em;
  margin-bottom: 8px;
  line-height: normal;
  margin-bottom: 8px;
  white-space: nowrap;
  overflow: hidden;
  text-overflow: ellipsis;
}

.emotion-3 {
  color: #263238;
  font-family: 'Open Sans',sans-serif;
  font-size: 16px;
  font-style: normal;
  font-weight: normal;
  -webkit-letter-spacing: 0.05em;
  -moz-letter-spacing: 0.05em;
  -ms-letter-spacing: 0.05em;
  letter-spacing: 0.05em;
  line-height: 1.6em;
  font-weight: bold;
  color: #009688;
}

.emotion-7 a {
  -webkit-text-decoration: none;
  text-decoration: none;
}

.emotion-0 {
  background-image: url(/images/square/BRE.jpg), url(/images/square/airplane.jpg);
  background-size: cover;
  padding: 8px;
  display: grid;
  -webkit-align-items: start;
  -webkit-box-align: start;
  -ms-flex-align: start;
  align-items: start;
  justify-items: right;
}

.emotion-0 .badge {
  color: #263238;
  font-family: 'Open Sans',sans-serif;
  font-size: 16px;
  font-style: normal;
  font-weight: normal;
  -webkit-letter-spacing: 0.05em;
  -moz-letter-spacing: 0.05em;
  -ms-letter-spacing: 0.05em;
  letter-spacing: 0.05em;
  line-height: 1.6em;
  font-size: 0.8em;
  padding: 2px 6px;
  font-weight: bold;
  border-radius: 8px;
}

.emotion-0 .badge.deal {
  background-color: #FF6D00;
  color: #FAFAFA;
}

.emotion-0 .badge.active {
  background-color: #009688;
  color: #FAFAFA;
}

<div
  className="emotion-7"
>
  <a
    href="/trip/1234"
    onClick={[Function]}
  >
    <div
      className="emotion-6"
    >
      <div
        className="MuiPaper-root-2 MuiPaper-elevation1-5 MuiPaper-rounded-3 MuiCard-root-1"
      >
        <div
          className="emotion-5"
        >
          <div
            className="emotion-0"
          >
            <span
              className="badge active"
            >
              active
            </span>
          </div>
          <div
            className="content"
          >
            <div
              className="emotion-1"
            >
              Test
               
            </div>
            <div
              className="emotion-2"
            >
              Jul-Aug 2018
              <br />
              any number of days
            </div>
            <div
              className="emotion-2"
            >
              <span
                className="emotion-3"
              >
                Looking for next deal
              </span>
            </div>
          </div>
        </div>
      </div>
    </div>
  </a>
</div>
`;
