// Jest Snapshot v1, https://goo.gl/fbAQLP

exports[`Triprow: default 1`] = `
<a
  className="TripRow-noLink-5"
  href="/trip/1234"
  onClick={[Function]}
>
  <div
    className="MuiPaper-root-7 MuiPaper-elevation1-10 MuiPaper-rounded-8 MuiCard-root-6"
  >
    <div
      className="MuiCardHeader-root-34"
    >
      <div
        className="MuiCardHeader-content-37"
      >
        <span
          className="MuiTypography-root-40 MuiTypography-headline-45 MuiCardHeader-title-38"
        >
          Test
        </span>
        <span
          className="MuiTypography-root-40 MuiTypography-body1-49 MuiTypography-colorTextSecondary-62 MuiCardHeader-subheader-39"
        >
          0 Deals
        </span>
      </div>
    </div>
    <div
      className="MuiCardContent-root-64"
    >
      <h3
        className="MuiTypography-root-40 MuiTypography-subheading-47 TripRow-chipContainer-1"
      >
        <div
          className="MuiChip-root-65 TripRow-chip-2"
          onKeyDown={[Function]}
          role="button"
          style={
            Object {
              "backgroundColor": "#f4ff81",
            }
          }
          tabIndex="-1"
        >
          <span
            className="MuiChip-label-70"
          >
            DUS
          </span>
        </div>
        <div
          className="MuiChip-root-65 TripRow-chip-2"
          onKeyDown={[Function]}
          role="button"
          style={
            Object {
              "backgroundColor": "#84ffff",
            }
          }
          tabIndex="-1"
        >
          <span
            className="MuiChip-label-70"
          >
            FRA
          </span>
        </div>
        <div
          className="MuiChip-root-65 TripRow-chip-2"
          onKeyDown={[Function]}
          role="button"
          style={
            Object {
              "backgroundColor": "#84ffff",
            }
          }
          tabIndex="-1"
        >
          <span
            className="MuiChip-label-70"
          >
            BRU
          </span>
        </div>
        <svg
          aria-hidden="true"
          className="MuiSvgIcon-root-72"
          focusable="false"
          viewBox="0 0 24 24"
        >
          <g>
            <path
              d="M12 4l-1.41 1.41L16.17 11H4v2h12.17l-5.58 5.59L12 20l8-8z"
            />
          </g>
        </svg>
        <div
          className="MuiChip-root-65 TripRow-chip-2"
          onKeyDown={[Function]}
          role="button"
          style={
            Object {
              "backgroundColor": "#84ffff",
            }
          }
          tabIndex="-1"
        >
          <span
            className="MuiChip-label-70"
          >
            BRE
          </span>
        </div>
        <div
          className="MuiChip-root-65 TripRow-chip-2"
          onKeyDown={[Function]}
          role="button"
          style={
            Object {
              "backgroundColor": "#64ffda",
            }
          }
          tabIndex="-1"
        >
          <span
            className="MuiChip-label-70"
          >
            SEZ
          </span>
        </div>
      </h3>
      <div
        className="TripRow-details-4"
      >
        <p
          className="MuiTypography-root-40 MuiTypography-body1-49 MuiTypography-colorTextSecondary-62"
        >
          15.07.2018
           - 
          12.08.2018
        </p>
        <p
          className="MuiTypography-root-40 MuiTypography-body1-49 MuiTypography-colorTextSecondary-62"
        >
          max 
          28
           days
        </p>
        <p
          className="MuiTypography-root-40 MuiTypography-body1-49 MuiTypography-colorTextSecondary-62"
        >
          max 
          200
           €
        </p>
      </div>
    </div>
  </div>
</a>
`;
