// Jest Snapshot v1, https://goo.gl/fbAQLP

exports[`DestinationSelection: default 1`] = `
<div
  className="css-i3tuh4"
>
  <div>
    <h2>
      Where do you want to go?
    </h2>
    <WithStyles(IntegrationAutosuggest)
      elemKey="destinations"
      errors={Object {}}
      label="Select a destination"
      setFieldValue={[Function]}
      setTouched={[Function]}
      touched={Object {}}
      validateForm={[Function]}
      values={
        Object {
          "destinations": Array [],
        }
      }
    />
    <p
      className="secondary"
    >
      Need some inpiration? How about:
      <ul>
        <li
          onClick={[Function]}
        >
          Bali
        </li>
        <li
          onClick={[Function]}
        >
          New York
        </li>
        <li
          onClick={[Function]}
        >
          Capetown
        </li>
        <li
          onClick={[Function]}
        >
          or Barcelona
        </li>
      </ul>
    </p>
  </div>
  <div
    className="button"
  >
    <WithStyles(Button)
      color="primary"
      fullWidth={true}
      onClick={[Function]}
      variant="raised"
    >
      <span
        className="content"
      >
        Set Preferences 
        <pure(KeyboardArrowRightOutlinedIcon) />
      </span>
    </WithStyles(Button)>
  </div>
</div>
`;
