// Jest Snapshot v1, https://goo.gl/fbAQLP

exports[`EmailForm: default 1`] = `
<form
  onSubmit={[Function]}
>
  <div
    className="MuiFormControl-root-1 MuiFormControl-fullWidth-4"
  >
    <div
      className="MuiFormControl-root-1 MuiFormControl-marginNormal-2"
    >
      <label
        className="MuiFormLabel-root-12 MuiInputLabel-root-5 MuiInputLabel-formControl-6 MuiInputLabel-animated-9"
        data-shrink={false}
      >
        Email
      </label>
      <div
        className="MuiInputBase-root-32 MuiInput-root-19 MuiInput-underline-23 MuiInputBase-formControl-33 MuiInput-formControl-20"
        onClick={[Function]}
      >
        <input
          aria-invalid={false}
          className="MuiInputBase-input-42 MuiInput-input-27"
          disabled={false}
          name="email"
          onBlur={[Function]}
          onChange={[Function]}
          onFocus={[Function]}
          required={false}
          type="text"
        />
      </div>
    </div>
    <div
      className="MuiFormControl-root-1 MuiFormControl-marginNormal-2"
    >
      <label
        className="MuiFormLabel-root-12 MuiInputLabel-root-5 MuiInputLabel-formControl-6 MuiInputLabel-animated-9"
        data-shrink={false}
      >
        Password
      </label>
      <div
        className="MuiInputBase-root-32 MuiInput-root-19 MuiInput-underline-23 MuiInputBase-formControl-33 MuiInput-formControl-20"
        onClick={[Function]}
      >
        <input
          aria-invalid={false}
          className="MuiInputBase-input-42 MuiInput-input-27 MuiInputBase-inputType-45 MuiInput-inputType-30"
          disabled={false}
          name="password"
          onBlur={[Function]}
          onChange={[Function]}
          onFocus={[Function]}
          required={false}
          type="password"
        />
      </div>
    </div>
    <button
      className="MuiButtonBase-root-75 MuiButton-root-49 MuiButton-contained-60 MuiButton-raised-63"
      disabled={false}
      onBlur={[Function]}
      onFocus={[Function]}
      onKeyDown={[Function]}
      onKeyUp={[Function]}
      onMouseDown={[Function]}
      onMouseLeave={[Function]}
      onMouseUp={[Function]}
      onTouchEnd={[Function]}
      onTouchMove={[Function]}
      onTouchStart={[Function]}
      tabIndex="0"
      type="submit"
    >
      <span
        className="MuiButton-label-50"
      >
        Signup with email
      </span>
      <span
        className="MuiTouchRipple-root-78"
      />
    </button>
  </div>
</form>
`;
