// Jest Snapshot v1, https://goo.gl/fbAQLP

exports[`Impressum: default 1`] = `
<div
  style={
    Object {
      "display": "grid",
      "gridTemplateAreas": "
  '. . .'
  '. content .'
  ",
      "gridTemplateColumns": "1fr minmax(auto, 800px) 1fr",
      "gridTemplateRows": "50px 1fr",
      "textAlign": "center",
    }
  }
>
  <div
    style={
      Object {
        "gridArea": "content",
      }
    }
  >
    <h1
      className="MuiTypography-root-1 MuiTypography-display2-4"
      gutterBotton={true}
    >
      Impressum
    </h1>
    <h2
      className="MuiTypography-root-1 MuiTypography-title-7"
    >
      Betreiber
    </h2>
    <p
      className="MuiTypography-root-1 MuiTypography-body1-10"
    >
      Sam Maaß
    </p>
    <p
      className="MuiTypography-root-1 MuiTypography-body1-10"
    >
      Ermekeilstr. 54
    </p>
    <p
      className="MuiTypography-root-1 MuiTypography-body1-10"
    >
      53113 Bonn
    </p>
    <p
      className="MuiTypography-root-1 MuiTypography-body1-10"
    >
      info@flystr.com
    </p>
  </div>
</div>
`;
