// Jest Snapshot v1, https://goo.gl/fbAQLP

exports[`Footer: default 1`] = `
.emotion-0 {
  color: #263238;
  font-family: 'Open Sans',sans-serif;
  font-size: 16px;
  font-style: normal;
  font-weight: normal;
  -webkit-letter-spacing: 0.05em;
  -moz-letter-spacing: 0.05em;
  -ms-letter-spacing: 0.05em;
  letter-spacing: 0.05em;
  line-height: 1.6em;
  display: grid;
  grid-gap: 8px;
  grid-template-columns: 1fr;
  justify-items: center;
  margin-top: 96px;
  margin-bottom: 16px;
}

@media only screen and (min-width:1024px) {
  .emotion-0 {
    grid-template-columns: repeat(4,1fr);
  }
}

.emotion-0 a {
  -webkit-text-decoration: none;
  text-decoration: none;
  color: #607D8B;
}

.emotion-0 a:hover {
  color: #263238;
}

.emotion-0 .copyright {
  grid-column: 1 / -1;
  color: #90A4AE;
}

<div
  className="emotion-0"
>
  <a
    href="https://twitter.com/flystr_com"
  >
    Twitter
  </a>
  <a
    href="https://www.instagram.com/flystr_dot_com/"
  >
    Instagram
  </a>
  <a
    href="/impressum"
    onClick={[Function]}
  >
    Imprint
  </a>
  <a
    href="/impressum"
    onClick={[Function]}
  >
    Privacy Policy
  </a>
  <div
    className="copyright"
  >
     © Flyster, 2018
  </div>
</div>
`;
