// Jest Snapshot v1, https://goo.gl/fbAQLP

exports[`LoggedOutAppBar: default 1`] = `
<header
  className="MuiPaper-root-10 MuiPaper-elevation4-16 MuiAppBar-root-1 MuiAppBar-positionFixed-2 MuiAppBar-colorPrimary-8 mui-fixed"
>
  <div
    className="MuiToolbar-root-37 MuiToolbar-regular-39 MuiToolbar-gutters-38"
  >
    <a
      href="/"
      onClick={[Function]}
      style={
        Object {
          "color": "white",
          "textDecoration": "none",
        }
      }
    >
      <div
        style={
          Object {
            "backgoundSize": "cover",
            "backgroundImage": "url(\\"/logo.svg\\")",
            "backgroundRepeat": "no-repeat",
            "backgroundSize": "contain",
            "color": "red",
            "height": 40,
            "width": 160,
          }
        }
      />
    </a>
  </div>
</header>
`;
