// Jest Snapshot v1, https://goo.gl/fbAQLP

exports[`SubHeadline: default 1`] = `
.emotion-1 {
  width: 100%;
}

.emotion-0 {
  text-align: center;
  font-family: 'Comfortaa';
  font-size: 36px;
  color: #263238;
}

<div
  className="emotion-1"
>
  <div
    className="emotion-0"
  >
    Test
  </div>
</div>
`;
