// Jest Snapshot v1, https://goo.gl/fbAQLP

exports[`OriginSelection: default 1`] = `
.emotion-0 {
  max-width: 1024px;
  display: grid;
  grid-template-rows: min-content 1fr;
  padding: 16px;
  margin: auto;
  height: 100%;
  color: #263238;
  font-family: 'Open Sans',sans-serif;
  font-size: 16px;
  font-style: normal;
  font-weight: normal;
  -webkit-letter-spacing: 0.05em;
  -moz-letter-spacing: 0.05em;
  -ms-letter-spacing: 0.05em;
  letter-spacing: 0.05em;
  line-height: 1.6em;
}

.emotion-0 h2 {
  color: #263238;
  font-family: 'Open Sans',sans-serif;
  font-size: 16px;
  font-style: normal;
  font-weight: normal;
  -webkit-letter-spacing: 0.05em;
  -moz-letter-spacing: 0.05em;
  -ms-letter-spacing: 0.05em;
  letter-spacing: 0.05em;
  line-height: 1.6em;
}

.emotion-0 .secondary {
  color: #90A4AE;
  font-size: 0.9em;
}

.emotion-0 .button {
  -webkit-align-self: flex-end;
  -ms-flex-item-align: end;
  align-self: flex-end;
  justify-self: center;
  margin: 16px;
}

.emotion-0 .button .content {
  display: grid;
  grid-gap: 8px;
  -webkit-align-items: center;
  -webkit-box-align: center;
  -ms-flex-align: center;
  align-items: center;
  grid-template-columns: 1fr 24px;
}

<div
  className="emotion-0"
>
  <div>
    <h2>
      From where can you start your trip?
    </h2>
    <div>
      <div
        aria-expanded={false}
        aria-haspopup="listbox"
        aria-owns="react-autowhatever-1"
        className="IntegrationAutosuggest-container-1"
        role="combobox"
      >
        <div
          className="MuiFormControl-root-8 IntegrationAutosuggest-textField-5"
        >
          <label
            className="MuiFormLabel-root-23 MuiInputLabel-root-12 MuiInputLabel-formControl-17 MuiInputLabel-animated-20"
            data-shrink={false}
          >
            Select a departure airport
          </label>
          <div
            aria-activedescendant={null}
            aria-autocomplete="list"
            aria-controls="react-autowhatever-1"
            className="MuiInputBase-root-43 MuiInput-root-30 MuiInput-underline-34 MuiInputBase-formControl-44 MuiInput-formControl-31"
            onClick={[Function]}
            style={Object {}}
          >
            <input
              aria-invalid={false}
              autoComplete="off"
              className="MuiInputBase-input-53 MuiInput-input-38"
              disabled={false}
              onBlur={[Function]}
              onChange={[Function]}
              onFocus={[Function]}
              onKeyDown={[Function]}
              onKeyUp={[Function]}
              required={false}
              type="text"
              value=""
            />
          </div>
        </div>
        <div
          className="MuiPaper-root-60 MuiPaper-elevation2-64"
          id="react-autowhatever-1"
          role="listbox"
          style={Object {}}
        />
      </div>
      <div
        className="IntegrationAutosuggest-chipContainer-6"
      />
    </div>
    <p
      className="secondary"
    >
      If you select multiple depature airports you'll have a higher chance of getting a good deal
    </p>
  </div>
  <div
    className="button"
  >
    <button
      className="MuiButtonBase-root-113 MuiButton-root-87 MuiButton-contained-98 MuiButton-containedPrimary-99 MuiButton-raised-101 MuiButton-raisedPrimary-102 MuiButton-sizeLarge-111 MuiButton-fullWidth-112"
      disabled={false}
      onBlur={[Function]}
      onClick={[Function]}
      onFocus={[Function]}
      onKeyDown={[Function]}
      onKeyUp={[Function]}
      onMouseDown={[Function]}
      onMouseLeave={[Function]}
      onMouseUp={[Function]}
      onTouchEnd={[Function]}
      onTouchMove={[Function]}
      onTouchStart={[Function]}
      tabIndex="0"
      type="button"
    >
      <span
        className="MuiButton-label-88"
      >
        <span
          className="content"
        >
          Select your destinations 
          <svg
            aria-hidden="true"
            className="MuiSvgIcon-root-116"
            focusable="false"
            role="presentation"
            viewBox="0 0 24 24"
          >
            <path
              d="M0 0h24v24H0V0z"
              fill="none"
            />
            <g>
              <path
                d="M8.59 16.59L13.17 12 8.59 7.41 10 6l6 6-6 6-1.41-1.41z"
              />
            </g>
          </svg>
        </span>
      </span>
      <span
        className="MuiTouchRipple-root-125"
      />
    </button>
  </div>
</div>
`;
