// Jest Snapshot v1, https://goo.gl/fbAQLP

exports[`StepContainer: default 1`] = `
.emotion-0 {
  color: #263238;
  font-family: 'Open Sans',sans-serif;
  font-size: 16px;
  font-style: normal;
  font-weight: normal;
  -webkit-letter-spacing: 0.05em;
  -moz-letter-spacing: 0.05em;
  -ms-letter-spacing: 0.05em;
  letter-spacing: 0.05em;
  line-height: 1.6em;
}

.emotion-1 {
  display: grid;
  grid-template-rows: 100px;
  max-width: 400px;
  text-align: center;
  grid-gap: 16px;
  justify-items: center;
  margin-bottom: 16px;
}

<div
  className="emotion-1"
>
  <img
    alt="icon"
    src="/world.svg"
  />
  <h3
    className="h3-text"
  >
    <span>
      select
      <br />
       destinations & dates
    </span>
  </h3>
  <div
    className="emotion-0"
  >
    Select your favorite destinations, add travel periods and budget. Looking for a flight to New York in October and to Japan in April or May? We've got you covered!
  </div>
</div>
`;
