// Jest Snapshot v1, https://goo.gl/fbAQLP

exports[`shallow renders correctly 1`] = `
<Context.Provider
  value={null}
>
  <NewFlightPage
    addFlightTemplates={[Function]}
    store={
      Object {
        "dispatch": [Function],
        "getState": [Function],
        "replaceReducer": [Function],
        "subscribe": [Function],
        Symbol(observable): [Function],
      }
    }
  />
</Context.Provider>
`;
