// Jest Snapshot v1, https://goo.gl/fbAQLP

exports[`shallow renders correctly 1`] = `
<Context.Provider
  value={null}
>
  <AdminUsers
    fetchUserOverview={[Function]}
    monthlyActiveUsers={0}
    newUsers={0}
    store={
      Object {
        "dispatch": [Function],
        "getState": [Function],
        "replaceReducer": [Function],
        "subscribe": [Function],
        Symbol(observable): [Function],
      }
    }
    totalUsers={0}
    userList={Array []}
  />
</Context.Provider>
`;
