// Jest Snapshot v1, https://goo.gl/fbAQLP

exports[`TripCardGrid: default 1`] = `
.emotion-0 {
  margin-top: 32px;
  margin-bottom: 64px;
  display: grid;
  grid-gap: 16px;
  grid-template-columns: 1fr;
  justify-items: center;
}

@media only screen and (min-width:1200px) {
  .emotion-0 {
    grid-template-columns: repeat(3,1fr);
  }
}

<div
  className="emotion-0"
/>
`;
