// Jest Snapshot v1, https://goo.gl/fbAQLP

exports[`StepsGrid: default 1`] = `
.emotion-1 {
  width: 100%;
}

.emotion-0 {
  text-align: center;
  font-family: 'Comfortaa';
  font-size: 36px;
}

.emotion-3 {
  font-family: Open Sans;
  font-style: normal;
  font-weight: normal;
  line-height: 33px;
  font-size: 16px;
  text-align: center;
  -webkit-letter-spacing: 0.05em;
  -moz-letter-spacing: 0.05em;
  -ms-letter-spacing: 0.05em;
  letter-spacing: 0.05em;
}

.emotion-2 {
  font-weight: bold;
}

.emotion-4 {
  display: grid;
  grid-template-rows: 100px;
  width: 400px;
  text-align: center;
  grid-gap: 16px;
  justify-items: center;
}

.emotion-15 {
  margin-top: 32px;
  display: grid;
  grid-template-columns: repeat(3,1fr);
  justify-items: center;
}

<div
  className="emotion-15"
>
  <div
    className="emotion-4"
  >
    <img
      alt="icon"
      src="IMAGE_MOCK"
    />
    <div
      className="emotion-2"
    >
      <div
        className="emotion-1"
      >
        <div
          className="emotion-0"
        >
          <span>
            select
            <br />
             destinations & dates
          </span>
        </div>
      </div>
    </div>
    <div
      className="emotion-3"
    >
      Select your favorite destinations, add travel periods and budget. Looking for a flight to New York in October and to Japan in April or May? We've got you covered!
    </div>
  </div>
  <div
    className="emotion-4"
  >
    <img
      alt="icon"
      src="IMAGE_MOCK"
    />
    <div
      className="emotion-2"
    >
      <div
        className="emotion-1"
      >
        <div
          className="emotion-0"
        >
          <span>
            we find the
            <br />
             best deals
          </span>
        </div>
      </div>
    </div>
    <div
      className="emotion-3"
    >
      Our bot is constantly online and on the lookout for the best deals. We source blogs, forums, Twitter and newsletters in addition to our own research. With years of experience, we know how to find cheap flights.
    </div>
  </div>
  <div
    className="emotion-4"
  >
    <img
      alt="icon"
      src="IMAGE_MOCK"
    />
    <div
      className="emotion-2"
    >
      <div
        className="emotion-1"
      >
        <div
          className="emotion-0"
        >
          <span>
            get alarms &
            <br />
             book your trip
          </span>
        </div>
      </div>
    </div>
    <div
      className="emotion-3"
    >
      We will notify you once we have found a deal that fits for you. Get all the information you need and a link to the cheapest booking option within minutes of us discovering a deal. Never again miss out on a deal.
    </div>
  </div>
</div>
`;
