// Jest Snapshot v1, https://goo.gl/fbAQLP

exports[`StepsGrid: default 1`] = `
.emotion-0 {
  color: #263238;
  font-family: 'Open Sans',sans-serif;
  font-size: 16px;
  font-style: normal;
  font-weight: normal;
  -webkit-letter-spacing: 0.05em;
  -moz-letter-spacing: 0.05em;
  -ms-letter-spacing: 0.05em;
  letter-spacing: 0.05em;
  line-height: 1.6em;
}

.emotion-1 {
  display: grid;
  grid-template-rows: 100px;
  max-width: 400px;
  text-align: center;
  grid-gap: 16px;
  justify-items: center;
  margin-bottom: 16px;
}

.emotion-6 {
  display: grid;
  grid-template-columns: 1fr;
  grid-template-rows: min-content min-content 1fr;
  justify-items: center;
  grid-gap: 16px;
  -webkit-align-items: flex-start;
  -webkit-box-align: flex-start;
  -ms-flex-align: flex-start;
  align-items: flex-start;
}

@media only screen and (min-width:1024px) {
  .emotion-6 {
    grid-template-columns: repeat(3,1fr);
  }
}

<div
  className="emotion-6"
>
  <div
    className="emotion-1"
  >
    <img
      alt="icon"
      src="/world.svg"
    />
    <h3
      className="h3-text"
    >
      <span>
        choose your 
        <br />
         destinations
      </span>
    </h3>
    <div
      className="emotion-0"
    >
      Select your favorite destinations, add travel periods and budget. Looking for a flight to New York in October and to Japan in April or May? We've got you covered!
    </div>
  </div>
  <div
    className="emotion-1"
  >
    <img
      alt="icon"
      src="/search.svg"
    />
    <h3
      className="h3-text"
    >
      <span>
        we find the
        <br />
         best deals
      </span>
    </h3>
    <div
      className="emotion-0"
    >
      Our bot is constantly online and on the lookout for the best deals. We source blogs, forums, Twitter and newsletters in addition to our own research. With years of experience, we know how to find cheap flights.
    </div>
  </div>
  <div
    className="emotion-1"
  >
    <img
      alt="icon"
      src="/notifications_active.svg"
    />
    <h3
      className="h3-text"
    >
      <span>
        get alarms &
        <br />
         book your trip
      </span>
    </h3>
    <div
      className="emotion-0"
    >
      We will notify you once we have found a deal that fits for you. Get all the information you need and a link to the cheapest booking option within minutes of us discovering a deal. Never again miss out on a deal.
    </div>
  </div>
</div>
`;
